// Jest Snapshot v1, https://goo.gl/fbAQLP

exports[`Footer renders correctly 1`] = `
<footer>
  <p>
    Copyright | 2019 - 2022
  </p>
</footer>
`;
